<html>
<body>
<pre>
<h1>µVision Build Log</h1>
<h2>Project:</h2>
E:\v24he7m6\major_project\RFID_MAJOR_PROJECT_FINAL\RFID_FINAL.uvproj
Project File Date:  08/06/2025

<h2>Output:</h2>
Build target 'Target 1'
assembling Startup.s...
compiling delay.c...
compiling interrupt.c...
compiling kpm.c...
compiling lcd.c...
compiling project_main.c...
compiling rtc.c...
compiling spi.c...
compiling uart.c...
linking...
Program Size: Code=10956 RO-data=96 RW-data=64 ZI-data=1392  
FromELF: creating hex file...
"RFID_FINAL.axf" - 0 Error(s), 0 Warning(s).
Build target 'Target 1'
assembling Startup.s...
compiling delay.c...
compiling interrupt.c...
compiling kpm.c...
compiling lcd.c...
compiling project_main.c...
compiling rtc.c...
compiling spi.c...
compiling uart.c...
linking...
Program Size: Code=10956 RO-data=96 RW-data=64 ZI-data=1392  
FromELF: creating hex file...
"RFID_FINAL.axf" - 0 Error(s), 0 Warning(s).
